
=================================================================
  NEEM SOURCING - RAG CHATBOT TEST SUITE
  Endpoint: http://localhost:3000/api/assistant/chat
=================================================================

--- SECTION 1: Individual Query Tests ---

[01] PASS | rag-rules    | 82ms
     Q: What is the price of cold pressed neem oil per kg bulk order?
     A: ≡ƒÆ░ **Current neem bulk rates (approx):** ΓÇó Cold-pressed neem oil: Γé╣280ΓÇô340/kg (500 kg+) ΓÇó Neem kernels A-Grade: Γé╣24ΓÇô32/kg ΓÇó Neem seed cake: Γé╣10ΓÇô16/kg ΓÇó Dried neem leaves: Γé╣18ΓÇô28/kg...
     Keywords matched: [Γé╣, /kg]

[02] PASS | rag-rules    | 18ms
     Q: When is the best season to buy neem kernels?
     A: ≡ƒî▒ Neem kernels are graded A (Γëñ8% moisture, ΓëÑ40% oil, ΓëÑ1000 ppm azadirachtin) and B (8ΓÇô12% moisture). A-Grade: Γé╣24ΓÇô32/kg; B-Grade: Γé╣18ΓÇô24/kg. Best time to buy: AugustΓÇôNovember duri...
     Keywords matched: [August, harvest]

[03] PASS | rag-rules    | 11ms
     Q: What is azadirachtin and why does the ppm level matter?
     A: ≡ƒ½Æ Neem oil comes in cold-pressed (Γé╣280ΓÇô340/kg, high azadirachtin 300ΓÇô3000 ppm) and solvent-extracted (Γé╣180ΓÇô240/kg, lower ppm) varieties. Cold-press is preferred for biopesticides ...
     Keywords matched: [ppm, azadirachtin]

[04] FAIL | rag-rules    | 16ms
     Q: How long can I store neem oil and in what container?
     A: ≡ƒ½Æ Neem oil comes in cold-pressed (Γé╣280ΓÇô340/kg, high azadirachtin 300ΓÇô3000 ppm) and solvent-extracted (Γé╣180ΓÇô240/kg, lower ppm) varieties. Cold-press is preferred for biopesticides ...
     Keywords missing: [months, HDPE, shelf]

[05] PASS | rag-rules    | 16ms
     Q: What certifications do I need to export neem products?
     A: ≡ƒô£ For export, you'll need: USDA Organic or EU Organic certificate (via ECOCERT, IMO, Control Union), Phytosanitary Certificate from the state agriculture dept, and CoA (Certificat...
     Keywords matched: [USDA, ECOCERT]

[06] FAIL | rag-rules    | 15ms
     Q: What is the GST rate on neem cake and neem oil?
     A: ≡ƒÆ░ **Current neem bulk rates (approx):** ΓÇó Cold-pressed neem oil: Γé╣280ΓÇô340/kg (500 kg+) ΓÇó Neem kernels A-Grade: Γé╣24ΓÇô32/kg ΓÇó Neem seed cake: Γé╣10ΓÇô16/kg ΓÇó Dried neem leaves: Γé╣18ΓÇô28/kg...
     Keywords missing: [GST, NIL, 5%]

[07] PASS | rag-rules    | 9ms
     Q: How do I verify a supplier trust score on the platform?
     A: ≡ƒöÆ Trust Scores (0ΓÇô100) reflect supplier delivery reliability (40%), product quality (35%), and communication (25%). Aim for 80+ for standard orders, 85+ before any forward contrac...
     Keywords matched: [trust, score]

[08] FAIL | rag-rules    | 11ms
     Q: What is the minimum order quantity for neem kernels?
     A: ≡ƒî▒ Neem kernels are graded A (Γëñ8% moisture, ΓëÑ40% oil, ΓëÑ1000 ppm azadirachtin) and B (8ΓÇô12% moisture). A-Grade: Γé╣24ΓÇô32/kg; B-Grade: Γé╣18ΓÇô24/kg. Best time to buy: AugustΓÇôNovember duri...
     Keywords matched: [kg]
     Keywords missing: [MT, minimum]

[09] FAIL | rag-rules    | 13ms
     Q: How many litres of oil from 1 kg of neem kernels?
     A: ≡ƒ½Æ Neem oil comes in cold-pressed (Γé╣280ΓÇô340/kg, high azadirachtin 300ΓÇô3000 ppm) and solvent-extracted (Γé╣180ΓÇô240/kg, lower ppm) varieties. Cold-press is preferred for biopesticides ...
     Keywords missing: [litre, cold press]

[10] PASS | rag-rules    | 8ms
     Q: Give me a pizza recipe
     A: ≡ƒñö I'm not sure about that specific question. Try asking about **neem pricing**, **seasonal availability**, **quality specifications**, or **how to use the platform**. For live dat...
     Off-topic guard: OK - correctly redirected

--- SECTION 2: Multi-Turn Conversation Test ---

  Turn 1 [rag-rules] 11ms
  YOU: Hi, I want to source neem oil in bulk
  BOT: ≡ƒæï Hello! I'm Neem Assistant ΓÇö your expert guide for neem raw material sourcing. Ask me about pricing, seasons, suppliers, certifications, or how to use this platform!...

  Turn 2 [rag-rules] 7ms
  YOU: What price can I expect for 5 metric tons?
  BOT: ≡ƒÆ░ **Current neem bulk rates (approx):** ΓÇó Cold-pressed neem oil: Γé╣280ΓÇô340/kg (500 kg+) ΓÇó Neem kernels A-Grade: Γé╣24ΓÇô32/kg ΓÇó Neem seed cake: Γé╣10ΓÇô16/kg ΓÇó Dried neem leaves: Γé╣18ΓÇô28/kg...

  Turn 3 [rag-rules] 7ms
  YOU: Which state in India gives highest azadirachtin content?
  BOT: ≡ƒæï Hello! I'm Neem Assistant ΓÇö your expert guide for neem raw material sourcing. Ask me about pricing, seasons, suppliers, certifications, or how to use this platform!...

  Turn 4 [rag-rules] 8ms
  YOU: How do I place a forward contract safely?
  BOT: ≡ƒÜÇ **How to source on Neem Sourcing:** 1. Register free as a buyer at /register 2. Browse Products page ΓÇö filter by category & trust score 3. Click a product ΓåÆ check specs & suppli...

--- SECTION 3: Latency Summary ---

  Min: 8ms
  Max: 82ms
  Avg: 20ms

=================================================================
  RESULTS: 6 PASSED / 4 FAILED / 10 TOTAL
  SCORE:   60%
  MODE:    RAG Knowledge Base (no GROQ_API_KEY)
=================================================================

